/opt/medical-etl-airflow/runtime/airflow-venv/lib/python3.12/site-packages/airflow/metrics/base_stats_logger.py:22 RemovedInAirflow3Warning: Timer and timing metrics publish in seconds were deprecated. It is enabled by default from Airflow 3 onwards. Enable timer_unit_consistency to publish all the timer and timing metrics in milliseconds.
/opt/medical-etl-airflow/runtime/airflow-venv/lib/python3.12/site-packages/airflow/triggers/base.py:27 RemovedInAirflow3Warning: Timer and timing metrics publish in seconds were deprecated. It is enabled by default from Airflow 3 onwards. Enable timer_unit_consistency to publish all the timer and timing metrics in milliseconds.
DB: sqlite:////opt/medical-etl-airflow/runs/full-consumers-p1000-r2/airflow/metadata.db
Performing upgrade to the metadata database sqlite:////opt/medical-etl-airflow/runs/full-consumers-p1000-r2/airflow/metadata.db
[2026-09-22T18:17:47.395+0800] {plugins.py:37} INFO - setup plugin alembic.autogenerate.schemas
[2026-09-22T18:17:47.397+0800] {plugins.py:37} INFO - setup plugin alembic.autogenerate.tables
[2026-09-22T18:17:47.397+0800] {plugins.py:37} INFO - setup plugin alembic.autogenerate.types
[2026-09-22T18:17:47.397+0800] {plugins.py:37} INFO - setup plugin alembic.autogenerate.constraints
[2026-09-22T18:17:47.397+0800] {plugins.py:37} INFO - setup plugin alembic.autogenerate.defaults
[2026-09-22T18:17:47.397+0800] {plugins.py:37} INFO - setup plugin alembic.autogenerate.comments
[2026-09-22T18:17:47.553+0800] {migration.py:210} INFO - Context impl SQLiteImpl.
[2026-09-22T18:17:47.553+0800] {migration.py:213} INFO - Will assume non-transactional DDL.
[2026-09-22T18:17:47.553+0800] {migration.py:210} INFO - Context impl SQLiteImpl.
[2026-09-22T18:17:47.554+0800] {migration.py:213} INFO - Will assume non-transactional DDL.
INFO  [alembic.runtime.migration] Context impl SQLiteImpl.
INFO  [alembic.runtime.migration] Will assume non-transactional DDL.
INFO  [alembic.runtime.migration] Running stamp_revision  -> 5f2621c13b39
Database migrating done!
/opt/medical-etl-airflow/runtime/airflow-venv/lib/python3.12/site-packages/airflow/metrics/base_stats_logger.py:22 RemovedInAirflow3Warning: Timer and timing metrics publish in seconds were deprecated. It is enabled by default from Airflow 3 onwards. Enable timer_unit_consistency to publish all the timer and timing metrics in milliseconds.
/opt/medical-etl-airflow/runtime/airflow-venv/lib/python3.12/site-packages/airflow/triggers/base.py:27 RemovedInAirflow3Warning: Timer and timing metrics publish in seconds were deprecated. It is enabled by default from Airflow 3 onwards. Enable timer_unit_consistency to publish all the timer and timing metrics in milliseconds.
/opt/medical-etl-airflow/runtime/airflow-venv/lib/python3.12/site-packages/airflow/cli/commands/dag_command.py:48 UserWarning: Could not import graphviz. Rendering graph to the graphical format will not be possible.
[2026-09-22T18:23:08.847+0800] {plugins.py:37} INFO - setup plugin alembic.autogenerate.schemas
[2026-09-22T18:23:08.847+0800] {plugins.py:37} INFO - setup plugin alembic.autogenerate.tables
[2026-09-22T18:23:08.848+0800] {plugins.py:37} INFO - setup plugin alembic.autogenerate.types
[2026-09-22T18:23:08.848+0800] {plugins.py:37} INFO - setup plugin alembic.autogenerate.constraints
[2026-09-22T18:23:08.848+0800] {plugins.py:37} INFO - setup plugin alembic.autogenerate.defaults
[2026-09-22T18:23:08.848+0800] {plugins.py:37} INFO - setup plugin alembic.autogenerate.comments
[2026-09-22T18:23:08.948+0800] {dagbag.py:588} INFO - Filling up the DagBag from /opt/medical-etl-airflow/runs/full-consumers-p1000-r2/airflow/dags
[2026-09-22T18:23:09.840+0800] {override.py:1932} INFO - Created Permission View: can read on DAG:synthea_full_consumers_retry_acceptance
[2026-09-22T18:23:10.046+0800] {override.py:1932} INFO - Created Permission View: can delete on DAG:synthea_full_consumers_retry_acceptance
[2026-09-22T18:23:10.252+0800] {override.py:1932} INFO - Created Permission View: can edit on DAG:synthea_full_consumers_retry_acceptance
[2026-09-22T18:23:10.705+0800] {override.py:1932} INFO - Created Permission View: can create on DAG Run:synthea_full_consumers_retry_acceptance
[2026-09-22T18:23:10.935+0800] {override.py:1932} INFO - Created Permission View: menu access on DAG Run:synthea_full_consumers_retry_acceptance
[2026-09-22T18:23:11.092+0800] {override.py:1932} INFO - Created Permission View: can read on DAG Run:synthea_full_consumers_retry_acceptance
[2026-09-22T18:23:11.201+0800] {override.py:1932} INFO - Created Permission View: can delete on DAG Run:synthea_full_consumers_retry_acceptance
[2026-09-22T18:23:11.431+0800] {override.py:1932} INFO - Created Permission View: can read on DAG:synthea_full_spark
[2026-09-22T18:23:11.540+0800] {override.py:1932} INFO - Created Permission View: can delete on DAG:synthea_full_spark
[2026-09-22T18:23:11.649+0800] {override.py:1932} INFO - Created Permission View: can edit on DAG:synthea_full_spark
[2026-09-22T18:23:12.266+0800] {override.py:1932} INFO - Created Permission View: can create on DAG Run:synthea_full_spark
[2026-09-22T18:23:12.375+0800] {override.py:1932} INFO - Created Permission View: menu access on DAG Run:synthea_full_spark
[2026-09-22T18:23:12.508+0800] {override.py:1932} INFO - Created Permission View: can read on DAG Run:synthea_full_spark
[2026-09-22T18:23:12.605+0800] {override.py:1932} INFO - Created Permission View: can delete on DAG Run:synthea_full_spark
[2026-09-22T18:23:12.606+0800] {dag.py:3239} INFO - Sync 2 DAGs
[2026-09-22T18:23:12.611+0800] {dag.py:3262} INFO - Creating ORM DAG for synthea_full_consumers_retry_acceptance
[2026-09-22T18:23:12.611+0800] {dag.py:3262} INFO - Creating ORM DAG for synthea_full_spark
[2026-09-22T18:23:12.612+0800] {dag.py:4180} INFO - Setting next_dagrun for synthea_full_consumers_retry_acceptance to None, run_after=None
[2026-09-22T18:23:12.612+0800] {dag.py:4180} INFO - Setting next_dagrun for synthea_full_spark to None, run_after=None
/opt/medical-etl-airflow/runtime/airflow-venv/lib/python3.12/site-packages/airflow/metrics/base_stats_logger.py:22 RemovedInAirflow3Warning: Timer and timing metrics publish in seconds were deprecated. It is enabled by default from Airflow 3 onwards. Enable timer_unit_consistency to publish all the timer and timing metrics in milliseconds.
/opt/medical-etl-airflow/runtime/airflow-venv/lib/python3.12/site-packages/airflow/triggers/base.py:27 RemovedInAirflow3Warning: Timer and timing metrics publish in seconds were deprecated. It is enabled by default from Airflow 3 onwards. Enable timer_unit_consistency to publish all the timer and timing metrics in milliseconds.
/opt/medical-etl-airflow/runtime/airflow-venv/lib/python3.12/site-packages/airflow/cli/commands/dag_command.py:48 UserWarning: Could not import graphviz. Rendering graph to the graphical format will not be possible.
[2026-09-22T18:23:13.981+0800] {plugins.py:37} INFO - setup plugin alembic.autogenerate.schemas
[2026-09-22T18:23:13.981+0800] {plugins.py:37} INFO - setup plugin alembic.autogenerate.tables
[2026-09-22T18:23:13.981+0800] {plugins.py:37} INFO - setup plugin alembic.autogenerate.types
[2026-09-22T18:23:13.981+0800] {plugins.py:37} INFO - setup plugin alembic.autogenerate.constraints
[2026-09-22T18:23:13.982+0800] {plugins.py:37} INFO - setup plugin alembic.autogenerate.defaults
[2026-09-22T18:23:13.982+0800] {plugins.py:37} INFO - setup plugin alembic.autogenerate.comments
dag_id                                  | is_paused
========================================+==========
synthea_full_consumers_retry_acceptance | False    
                                                   
/opt/medical-etl-airflow/runtime/airflow-venv/lib/python3.12/site-packages/airflow/metrics/base_stats_logger.py:22 RemovedInAirflow3Warning: Timer and timing metrics publish in seconds were deprecated. It is enabled by default from Airflow 3 onwards. Enable timer_unit_consistency to publish all the timer and timing metrics in milliseconds.
/opt/medical-etl-airflow/runtime/airflow-venv/lib/python3.12/site-packages/airflow/triggers/base.py:27 RemovedInAirflow3Warning: Timer and timing metrics publish in seconds were deprecated. It is enabled by default from Airflow 3 onwards. Enable timer_unit_consistency to publish all the timer and timing metrics in milliseconds.
/opt/medical-etl-airflow/runtime/airflow-venv/lib/python3.12/site-packages/airflow/cli/commands/dag_command.py:48 UserWarning: Could not import graphviz. Rendering graph to the graphical format will not be possible.
[2026-09-22T18:23:15.315+0800] {plugins.py:37} INFO - setup plugin alembic.autogenerate.schemas
[2026-09-22T18:23:15.315+0800] {plugins.py:37} INFO - setup plugin alembic.autogenerate.tables
[2026-09-22T18:23:15.316+0800] {plugins.py:37} INFO - setup plugin alembic.autogenerate.types
[2026-09-22T18:23:15.316+0800] {plugins.py:37} INFO - setup plugin alembic.autogenerate.constraints
[2026-09-22T18:23:15.316+0800] {plugins.py:37} INFO - setup plugin alembic.autogenerate.defaults
[2026-09-22T18:23:15.316+0800] {plugins.py:37} INFO - setup plugin alembic.autogenerate.comments
[2026-09-22T18:23:15.487+0800] {__init__.py:43} INFO - Loaded API auth backend: airflow.api.auth.backend.session
     |                     |                     |                     |                     |          |                  | last_scheduling_deci |                     |          |            |       
conf | dag_id              | dag_run_id          | data_interval_start | data_interval_end   | end_date | external_trigger | sion                 | logical_date        | run_type | start_date | state 
=====+=====================+=====================+=====================+=====================+==========+==================+======================+=====================+==========+============+=======
{}   | synthea_full_consum | manual__full-consum | 2026-09-22          | 2026-09-22          | None     | True             | None                 | 2026-09-22          | manual   | None       | queued
     | ers_retry_acceptanc | ers-p1000-r2        | 10:23:15+00:00      | 10:23:15+00:00      |          |                  |                      | 10:23:15+00:00      |          |            |       
     | e                   |                     |                     |                     |          |                  |                      |                     |          |            |       
                                                                                                                                                                                                        
