[2026-09-22T18:25:38.031+0800] {local_task_job_runner.py:123} INFO - ::group::Pre task execution logs
[2026-09-22T18:25:38.042+0800] {taskinstance.py:2632} INFO - Dependencies all met for dep_context=non-requeueable deps ti=<TaskInstance: synthea_full_consumers_retry_acceptance.export_fhir manual__full-consumers-p1000-r2 [queued]>
[2026-09-22T18:25:38.047+0800] {taskinstance.py:2632} INFO - Dependencies all met for dep_context=requeueable deps ti=<TaskInstance: synthea_full_consumers_retry_acceptance.export_fhir manual__full-consumers-p1000-r2 [queued]>
[2026-09-22T18:25:38.047+0800] {taskinstance.py:2885} INFO - Starting attempt 1 of 2
[2026-09-22T18:25:38.152+0800] {taskinstance.py:2908} INFO - Executing <Task(PythonOperator): export_fhir> on 2026-09-22 10:23:15+00:00
[2026-09-22T18:25:38.155+0800] {standard_task_runner.py:72} INFO - Started process 3957 to run task
[2026-09-22T18:25:38.157+0800] {standard_task_runner.py:104} INFO - Running: ['airflow', 'tasks', 'run', 'synthea_full_consumers_retry_acceptance', 'export_fhir', 'manual__full-consumers-p1000-r2', '--job-id', '4', '--raw', '--subdir', 'DAGS_FOLDER/full_consumers_retry_dag.py', '--cfg-path', '/tmp/tmpx8c2tw9m']
[2026-09-22T18:25:38.158+0800] {standard_task_runner.py:105} INFO - Job 4: Subtask export_fhir
[2026-09-22T18:25:38.274+0800] {task_command.py:467} INFO - Running <TaskInstance: synthea_full_consumers_retry_acceptance.export_fhir manual__full-consumers-p1000-r2 [running]> on host LAPTOP-LO2NU7PH.localdomain
[2026-09-22T18:25:38.537+0800] {taskinstance.py:3158} INFO - Exporting env vars: AIRFLOW_CTX_DAG_OWNER='airflow' AIRFLOW_CTX_DAG_ID='synthea_full_consumers_retry_acceptance' AIRFLOW_CTX_TASK_ID='export_fhir' AIRFLOW_CTX_EXECUTION_DATE='2026-09-22T10:23:15+00:00' AIRFLOW_CTX_TRY_NUMBER='1' AIRFLOW_CTX_DAG_RUN_ID='manual__full-consumers-p1000-r2'
[2026-09-22T18:25:38.537+0800] {taskinstance.py:740} INFO - ::endgroup::
[2026-09-22T18:27:04.643+0800] {taskinstance.py:3337} ERROR - Task failed with exception
Traceback (most recent call last):
  File "/opt/medical-etl-airflow/runtime/airflow-venv/lib/python3.12/site-packages/airflow/models/taskinstance.py", line 776, in _execute_task
    result = _execute_callable(context=context, **execute_callable_kwargs)
             ^^^^^^^^^^^^^^^^^^^^^^^^^^^^^^^^^^^^^^^^^^^^^^^^^^^^^^^^^^^^^
  File "/opt/medical-etl-airflow/runtime/airflow-venv/lib/python3.12/site-packages/airflow/models/taskinstance.py", line 742, in _execute_callable
    return ExecutionCallableRunner(
           ^^^^^^^^^^^^^^^^^^^^^^^^
  File "/opt/medical-etl-airflow/runtime/airflow-venv/lib/python3.12/site-packages/airflow/utils/operator_helpers.py", line 252, in run
    return self.func(*args, **kwargs)
           ^^^^^^^^^^^^^^^^^^^^^^^^^^
  File "/opt/medical-etl-airflow/runtime/airflow-venv/lib/python3.12/site-packages/airflow/models/baseoperator.py", line 425, in wrapper
    return func(self, *args, **kwargs)
           ^^^^^^^^^^^^^^^^^^^^^^^^^^^
  File "/opt/medical-etl-airflow/runtime/airflow-venv/lib/python3.12/site-packages/airflow/operators/python.py", line 238, in execute
    return_value = self.execute_callable()
                   ^^^^^^^^^^^^^^^^^^^^^^^
  File "/opt/medical-etl-airflow/runtime/airflow-venv/lib/python3.12/site-packages/airflow/operators/python.py", line 256, in execute_callable
    return runner.run(*self.op_args, **self.op_kwargs)
           ^^^^^^^^^^^^^^^^^^^^^^^^^^^^^^^^^^^^^^^^^^^
  File "/opt/medical-etl-airflow/runtime/airflow-venv/lib/python3.12/site-packages/airflow/utils/operator_helpers.py", line 252, in run
    return self.func(*args, **kwargs)
           ^^^^^^^^^^^^^^^^^^^^^^^^^^
  File "/opt/medical-etl-airflow/runs/full-consumers-p1000-r2/airflow/dags/full_consumers_retry_dag.py", line 32, in consume_then_fail_once
    raise RuntimeError('Acceptance-only failure after durable consumer success')
RuntimeError: Acceptance-only failure after durable consumer success
[2026-09-22T18:27:04.676+0800] {taskinstance.py:1242} INFO - Marking task as UP_FOR_RETRY. dag_id=synthea_full_consumers_retry_acceptance, task_id=export_fhir, run_id=manual__full-consumers-p1000-r2, execution_date=20260922T102315, start_date=20260922T102538, end_date=20260922T102704
[2026-09-22T18:27:04.903+0800] {taskinstance.py:349} INFO - ::group::Post task execution logs
[2026-09-22T18:27:04.903+0800] {standard_task_runner.py:124} ERROR - Failed to execute job 4 for task export_fhir (Acceptance-only failure after durable consumer success; 3957)
Traceback (most recent call last):
  File "/opt/medical-etl-airflow/runtime/airflow-venv/lib/python3.12/site-packages/airflow/task/task_runner/standard_task_runner.py", line 117, in _start_by_fork
    ret = args.func(args, dag=self.dag)
          ^^^^^^^^^^^^^^^^^^^^^^^^^^^^^
  File "/opt/medical-etl-airflow/runtime/airflow-venv/lib/python3.12/site-packages/airflow/cli/cli_config.py", line 49, in command
    return func(*args, **kwargs)
           ^^^^^^^^^^^^^^^^^^^^^
  File "/opt/medical-etl-airflow/runtime/airflow-venv/lib/python3.12/site-packages/airflow/utils/cli.py", line 116, in wrapper
    return f(*args, **kwargs)
           ^^^^^^^^^^^^^^^^^^
  File "/opt/medical-etl-airflow/runtime/airflow-venv/lib/python3.12/site-packages/airflow/cli/commands/task_command.py", line 483, in task_run
    task_return_code = _run_task_by_selected_method(args, _dag, ti)
                       ^^^^^^^^^^^^^^^^^^^^^^^^^^^^^^^^^^^^^^^^^^^^
  File "/opt/medical-etl-airflow/runtime/airflow-venv/lib/python3.12/site-packages/airflow/cli/commands/task_command.py", line 256, in _run_task_by_selected_method
    return _run_raw_task(args, ti)
           ^^^^^^^^^^^^^^^^^^^^^^^
  File "/opt/medical-etl-airflow/runtime/airflow-venv/lib/python3.12/site-packages/airflow/cli/commands/task_command.py", line 341, in _run_raw_task
    return ti._run_raw_task(
           ^^^^^^^^^^^^^^^^^
  File "/opt/medical-etl-airflow/runtime/airflow-venv/lib/python3.12/site-packages/airflow/utils/session.py", line 97, in wrapper
    return func(*args, session=session, **kwargs)
           ^^^^^^^^^^^^^^^^^^^^^^^^^^^^^^^^^^^^^^
  File "/opt/medical-etl-airflow/runtime/airflow-venv/lib/python3.12/site-packages/airflow/models/taskinstance.py", line 3030, in _run_raw_task
    return _run_raw_task(
           ^^^^^^^^^^^^^^
  File "/opt/medical-etl-airflow/runtime/airflow-venv/lib/python3.12/site-packages/airflow/models/taskinstance.py", line 282, in _run_raw_task
    TaskInstance._execute_task_with_callbacks(
  File "/opt/medical-etl-airflow/runtime/airflow-venv/lib/python3.12/site-packages/airflow/models/taskinstance.py", line 3185, in _execute_task_with_callbacks
    result = self._execute_task(context, task_orig)
             ^^^^^^^^^^^^^^^^^^^^^^^^^^^^^^^^^^^^^^
  File "/opt/medical-etl-airflow/runtime/airflow-venv/lib/python3.12/site-packages/airflow/models/taskinstance.py", line 3209, in _execute_task
    return _execute_task(self, context, task_orig)
           ^^^^^^^^^^^^^^^^^^^^^^^^^^^^^^^^^^^^^^^
  File "/opt/medical-etl-airflow/runtime/airflow-venv/lib/python3.12/site-packages/airflow/models/taskinstance.py", line 776, in _execute_task
    result = _execute_callable(context=context, **execute_callable_kwargs)
             ^^^^^^^^^^^^^^^^^^^^^^^^^^^^^^^^^^^^^^^^^^^^^^^^^^^^^^^^^^^^^
  File "/opt/medical-etl-airflow/runtime/airflow-venv/lib/python3.12/site-packages/airflow/models/taskinstance.py", line 742, in _execute_callable
    return ExecutionCallableRunner(
           ^^^^^^^^^^^^^^^^^^^^^^^^
  File "/opt/medical-etl-airflow/runtime/airflow-venv/lib/python3.12/site-packages/airflow/utils/operator_helpers.py", line 252, in run
    return self.func(*args, **kwargs)
           ^^^^^^^^^^^^^^^^^^^^^^^^^^
  File "/opt/medical-etl-airflow/runtime/airflow-venv/lib/python3.12/site-packages/airflow/models/baseoperator.py", line 425, in wrapper
    return func(self, *args, **kwargs)
           ^^^^^^^^^^^^^^^^^^^^^^^^^^^
  File "/opt/medical-etl-airflow/runtime/airflow-venv/lib/python3.12/site-packages/airflow/operators/python.py", line 238, in execute
    return_value = self.execute_callable()
                   ^^^^^^^^^^^^^^^^^^^^^^^
  File "/opt/medical-etl-airflow/runtime/airflow-venv/lib/python3.12/site-packages/airflow/operators/python.py", line 256, in execute_callable
    return runner.run(*self.op_args, **self.op_kwargs)
           ^^^^^^^^^^^^^^^^^^^^^^^^^^^^^^^^^^^^^^^^^^^
  File "/opt/medical-etl-airflow/runtime/airflow-venv/lib/python3.12/site-packages/airflow/utils/operator_helpers.py", line 252, in run
    return self.func(*args, **kwargs)
           ^^^^^^^^^^^^^^^^^^^^^^^^^^
  File "/opt/medical-etl-airflow/runs/full-consumers-p1000-r2/airflow/dags/full_consumers_retry_dag.py", line 32, in consume_then_fail_once
    raise RuntimeError('Acceptance-only failure after durable consumer success')
RuntimeError: Acceptance-only failure after durable consumer success
[2026-09-22T18:27:04.932+0800] {local_task_job_runner.py:266} INFO - Task exited with return code 1
[2026-09-22T18:27:04.940+0800] {taskinstance.py:3925} INFO - 0 downstream tasks scheduled from follow-on schedule check
[2026-09-22T18:27:04.941+0800] {local_task_job_runner.py:245} INFO - ::endgroup::
