/opt/medical-etl-airflow/runtime/airflow-venv/lib/python3.12/site-packages/airflow/metrics/base_stats_logger.py:22 RemovedInAirflow3Warning: Timer and timing metrics publish in seconds were deprecated. It is enabled by default from Airflow 3 onwards. Enable timer_unit_consistency to publish all the timer and timing metrics in milliseconds.
/opt/medical-etl-airflow/runtime/airflow-venv/lib/python3.12/site-packages/airflow/triggers/base.py:27 RemovedInAirflow3Warning: Timer and timing metrics publish in seconds were deprecated. It is enabled by default from Airflow 3 onwards. Enable timer_unit_consistency to publish all the timer and timing metrics in milliseconds.
DB: sqlite:////opt/medical-etl-airflow/runs/full-spark-airflow-p1000-r1/airflow/metadata.db
Performing upgrade to the metadata database sqlite:////opt/medical-etl-airflow/runs/full-spark-airflow-p1000-r1/airflow/metadata.db
[2026-09-21T22:16:06.139+0800] {plugins.py:37} INFO - setup plugin alembic.autogenerate.schemas
[2026-09-21T22:16:06.140+0800] {plugins.py:37} INFO - setup plugin alembic.autogenerate.tables
[2026-09-21T22:16:06.140+0800] {plugins.py:37} INFO - setup plugin alembic.autogenerate.types
[2026-09-21T22:16:06.140+0800] {plugins.py:37} INFO - setup plugin alembic.autogenerate.constraints
[2026-09-21T22:16:06.141+0800] {plugins.py:37} INFO - setup plugin alembic.autogenerate.defaults
[2026-09-21T22:16:06.141+0800] {plugins.py:37} INFO - setup plugin alembic.autogenerate.comments
[2026-09-21T22:16:06.271+0800] {migration.py:210} INFO - Context impl SQLiteImpl.
[2026-09-21T22:16:06.272+0800] {migration.py:213} INFO - Will assume non-transactional DDL.
[2026-09-21T22:16:06.272+0800] {migration.py:210} INFO - Context impl SQLiteImpl.
[2026-09-21T22:16:06.272+0800] {migration.py:213} INFO - Will assume non-transactional DDL.
INFO  [alembic.runtime.migration] Context impl SQLiteImpl.
INFO  [alembic.runtime.migration] Will assume non-transactional DDL.
INFO  [alembic.runtime.migration] Running stamp_revision  -> 5f2621c13b39
Database migrating done!
/opt/medical-etl-airflow/runtime/airflow-venv/lib/python3.12/site-packages/airflow/metrics/base_stats_logger.py:22 RemovedInAirflow3Warning: Timer and timing metrics publish in seconds were deprecated. It is enabled by default from Airflow 3 onwards. Enable timer_unit_consistency to publish all the timer and timing metrics in milliseconds.
/opt/medical-etl-airflow/runtime/airflow-venv/lib/python3.12/site-packages/airflow/triggers/base.py:27 RemovedInAirflow3Warning: Timer and timing metrics publish in seconds were deprecated. It is enabled by default from Airflow 3 onwards. Enable timer_unit_consistency to publish all the timer and timing metrics in milliseconds.
/opt/medical-etl-airflow/runtime/airflow-venv/lib/python3.12/site-packages/airflow/cli/commands/dag_command.py:48 UserWarning: Could not import graphviz. Rendering graph to the graphical format will not be possible.
[2026-09-21T22:17:33.140+0800] {plugins.py:37} INFO - setup plugin alembic.autogenerate.schemas
[2026-09-21T22:17:33.141+0800] {plugins.py:37} INFO - setup plugin alembic.autogenerate.tables
[2026-09-21T22:17:33.141+0800] {plugins.py:37} INFO - setup plugin alembic.autogenerate.types
[2026-09-21T22:17:33.141+0800] {plugins.py:37} INFO - setup plugin alembic.autogenerate.constraints
[2026-09-21T22:17:33.142+0800] {plugins.py:37} INFO - setup plugin alembic.autogenerate.defaults
[2026-09-21T22:17:33.142+0800] {plugins.py:37} INFO - setup plugin alembic.autogenerate.comments
[2026-09-21T22:17:33.250+0800] {dagbag.py:588} INFO - Filling up the DagBag from /opt/medical-etl-airflow/runs/full-spark-airflow-p1000-r1/airflow/dags
[2026-09-21T22:17:34.002+0800] {override.py:1932} INFO - Created Permission View: can edit on DAG:synthea_full_spark_retry_acceptance
[2026-09-21T22:17:34.428+0800] {override.py:1932} INFO - Created Permission View: can delete on DAG:synthea_full_spark_retry_acceptance
[2026-09-21T22:17:34.636+0800] {override.py:1932} INFO - Created Permission View: can read on DAG:synthea_full_spark_retry_acceptance
[2026-09-21T22:17:34.943+0800] {override.py:1932} INFO - Created Permission View: menu access on DAG Run:synthea_full_spark_retry_acceptance
[2026-09-21T22:17:35.053+0800] {override.py:1932} INFO - Created Permission View: can delete on DAG Run:synthea_full_spark_retry_acceptance
[2026-09-21T22:17:35.262+0800] {override.py:1932} INFO - Created Permission View: can create on DAG Run:synthea_full_spark_retry_acceptance
[2026-09-21T22:17:35.421+0800] {override.py:1932} INFO - Created Permission View: can read on DAG Run:synthea_full_spark_retry_acceptance
[2026-09-21T22:17:35.654+0800] {override.py:1932} INFO - Created Permission View: can edit on DAG:synthea_full_spark
[2026-09-21T22:17:35.789+0800] {override.py:1932} INFO - Created Permission View: can delete on DAG:synthea_full_spark
[2026-09-21T22:17:35.898+0800] {override.py:1932} INFO - Created Permission View: can read on DAG:synthea_full_spark
[2026-09-21T22:17:36.118+0800] {override.py:1932} INFO - Created Permission View: menu access on DAG Run:synthea_full_spark
[2026-09-21T22:17:36.228+0800] {override.py:1932} INFO - Created Permission View: can delete on DAG Run:synthea_full_spark
[2026-09-21T22:17:36.337+0800] {override.py:1932} INFO - Created Permission View: can create on DAG Run:synthea_full_spark
[2026-09-21T22:17:36.447+0800] {override.py:1932} INFO - Created Permission View: can read on DAG Run:synthea_full_spark
[2026-09-21T22:17:36.447+0800] {dag.py:3239} INFO - Sync 2 DAGs
[2026-09-21T22:17:36.453+0800] {dag.py:3262} INFO - Creating ORM DAG for synthea_full_spark_retry_acceptance
[2026-09-21T22:17:36.453+0800] {dag.py:3262} INFO - Creating ORM DAG for synthea_full_spark
[2026-09-21T22:17:36.453+0800] {dag.py:4180} INFO - Setting next_dagrun for synthea_full_spark to None, run_after=None
[2026-09-21T22:17:36.454+0800] {dag.py:4180} INFO - Setting next_dagrun for synthea_full_spark_retry_acceptance to None, run_after=None
/opt/medical-etl-airflow/runtime/airflow-venv/lib/python3.12/site-packages/airflow/metrics/base_stats_logger.py:22 RemovedInAirflow3Warning: Timer and timing metrics publish in seconds were deprecated. It is enabled by default from Airflow 3 onwards. Enable timer_unit_consistency to publish all the timer and timing metrics in milliseconds.
/opt/medical-etl-airflow/runtime/airflow-venv/lib/python3.12/site-packages/airflow/triggers/base.py:27 RemovedInAirflow3Warning: Timer and timing metrics publish in seconds were deprecated. It is enabled by default from Airflow 3 onwards. Enable timer_unit_consistency to publish all the timer and timing metrics in milliseconds.
/opt/medical-etl-airflow/runtime/airflow-venv/lib/python3.12/site-packages/airflow/cli/commands/dag_command.py:48 UserWarning: Could not import graphviz. Rendering graph to the graphical format will not be possible.
[2026-09-21T22:17:37.764+0800] {plugins.py:37} INFO - setup plugin alembic.autogenerate.schemas
[2026-09-21T22:17:37.765+0800] {plugins.py:37} INFO - setup plugin alembic.autogenerate.tables
[2026-09-21T22:17:37.765+0800] {plugins.py:37} INFO - setup plugin alembic.autogenerate.types
[2026-09-21T22:17:37.765+0800] {plugins.py:37} INFO - setup plugin alembic.autogenerate.constraints
[2026-09-21T22:17:37.765+0800] {plugins.py:37} INFO - setup plugin alembic.autogenerate.defaults
[2026-09-21T22:17:37.765+0800] {plugins.py:37} INFO - setup plugin alembic.autogenerate.comments
dag_id                              | is_paused
====================================+==========
synthea_full_spark_retry_acceptance | False    
                                               
/opt/medical-etl-airflow/runtime/airflow-venv/lib/python3.12/site-packages/airflow/metrics/base_stats_logger.py:22 RemovedInAirflow3Warning: Timer and timing metrics publish in seconds were deprecated. It is enabled by default from Airflow 3 onwards. Enable timer_unit_consistency to publish all the timer and timing metrics in milliseconds.
/opt/medical-etl-airflow/runtime/airflow-venv/lib/python3.12/site-packages/airflow/triggers/base.py:27 RemovedInAirflow3Warning: Timer and timing metrics publish in seconds were deprecated. It is enabled by default from Airflow 3 onwards. Enable timer_unit_consistency to publish all the timer and timing metrics in milliseconds.
/opt/medical-etl-airflow/runtime/airflow-venv/lib/python3.12/site-packages/airflow/cli/commands/dag_command.py:48 UserWarning: Could not import graphviz. Rendering graph to the graphical format will not be possible.
[2026-09-21T22:17:39.174+0800] {plugins.py:37} INFO - setup plugin alembic.autogenerate.schemas
[2026-09-21T22:17:39.175+0800] {plugins.py:37} INFO - setup plugin alembic.autogenerate.tables
[2026-09-21T22:17:39.175+0800] {plugins.py:37} INFO - setup plugin alembic.autogenerate.types
[2026-09-21T22:17:39.175+0800] {plugins.py:37} INFO - setup plugin alembic.autogenerate.constraints
[2026-09-21T22:17:39.175+0800] {plugins.py:37} INFO - setup plugin alembic.autogenerate.defaults
[2026-09-21T22:17:39.176+0800] {plugins.py:37} INFO - setup plugin alembic.autogenerate.comments
[2026-09-21T22:17:39.334+0800] {__init__.py:43} INFO - Loaded API auth backend: airflow.api.auth.backend.session
     |                     |                     |                     |                     |          |                  | last_scheduling_deci |                     |          |            |       
conf | dag_id              | dag_run_id          | data_interval_start | data_interval_end   | end_date | external_trigger | sion                 | logical_date        | run_type | start_date | state 
=====+=====================+=====================+=====================+=====================+==========+==================+======================+=====================+==========+============+=======
{}   | synthea_full_spark_ | manual__full-spark- | 2026-09-21          | 2026-09-21          | None     | True             | None                 | 2026-09-21          | manual   | None       | queued
     | retry_acceptance    | airflow-p1000-r1    | 14:17:39+00:00      | 14:17:39+00:00      |          |                  |                      | 14:17:39+00:00      |          |            |       
                                                                                                                                                                                                        
