[2026-09-23T12:59:03.339+0800] {local_task_job_runner.py:123} INFO - ::group::Pre task execution logs
[2026-09-23T12:59:03.348+0800] {taskinstance.py:2632} INFO - Dependencies all met for dep_context=non-requeueable deps ti=<TaskInstance: synthea_full_consumers_retry_acceptance.full_spark_etl manual__full-consumers-p10000-r3 [queued]>
[2026-09-23T12:59:03.351+0800] {taskinstance.py:2632} INFO - Dependencies all met for dep_context=requeueable deps ti=<TaskInstance: synthea_full_consumers_retry_acceptance.full_spark_etl manual__full-consumers-p10000-r3 [queued]>
[2026-09-23T12:59:03.351+0800] {taskinstance.py:2885} INFO - Starting attempt 2 of 2
[2026-09-23T12:59:03.481+0800] {taskinstance.py:2908} INFO - Executing <Task(PythonOperator): full_spark_etl> on 2026-09-23 04:56:34+00:00
[2026-09-23T12:59:03.484+0800] {standard_task_runner.py:72} INFO - Started process 4339 to run task
[2026-09-23T12:59:03.486+0800] {standard_task_runner.py:104} INFO - Running: ['airflow', 'tasks', 'run', 'synthea_full_consumers_retry_acceptance', 'full_spark_etl', 'manual__full-consumers-p10000-r3', '--job-id', '4', '--raw', '--subdir', 'DAGS_FOLDER/full_consumers_retry_dag.py', '--cfg-path', '/tmp/tmpczghw7u5']
[2026-09-23T12:59:03.487+0800] {standard_task_runner.py:105} INFO - Job 4: Subtask full_spark_etl
[2026-09-23T12:59:03.596+0800] {task_command.py:467} INFO - Running <TaskInstance: synthea_full_consumers_retry_acceptance.full_spark_etl manual__full-consumers-p10000-r3 [running]> on host LAPTOP-LO2NU7PH.localdomain
[2026-09-23T12:59:03.726+0800] {taskinstance.py:3158} INFO - Exporting env vars: AIRFLOW_CTX_DAG_OWNER='airflow' AIRFLOW_CTX_DAG_ID='synthea_full_consumers_retry_acceptance' AIRFLOW_CTX_TASK_ID='full_spark_etl' AIRFLOW_CTX_EXECUTION_DATE='2026-09-23T04:56:34+00:00' AIRFLOW_CTX_TRY_NUMBER='2' AIRFLOW_CTX_DAG_RUN_ID='manual__full-consumers-p10000-r3'
[2026-09-23T12:59:03.726+0800] {taskinstance.py:740} INFO - ::endgroup::
[2026-09-23T13:00:29.169+0800] {taskinstance.py:3337} ERROR - Task failed with exception
Traceback (most recent call last):
  File "/opt/medical-etl-airflow/runtime/airflow-venv/lib/python3.12/site-packages/airflow/models/taskinstance.py", line 776, in _execute_task
    result = _execute_callable(context=context, **execute_callable_kwargs)
             ^^^^^^^^^^^^^^^^^^^^^^^^^^^^^^^^^^^^^^^^^^^^^^^^^^^^^^^^^^^^^
  File "/opt/medical-etl-airflow/runtime/airflow-venv/lib/python3.12/site-packages/airflow/models/taskinstance.py", line 742, in _execute_callable
    return ExecutionCallableRunner(
           ^^^^^^^^^^^^^^^^^^^^^^^^
  File "/opt/medical-etl-airflow/runtime/airflow-venv/lib/python3.12/site-packages/airflow/utils/operator_helpers.py", line 252, in run
    return self.func(*args, **kwargs)
           ^^^^^^^^^^^^^^^^^^^^^^^^^^
  File "/opt/medical-etl-airflow/runtime/airflow-venv/lib/python3.12/site-packages/airflow/models/baseoperator.py", line 425, in wrapper
    return func(self, *args, **kwargs)
           ^^^^^^^^^^^^^^^^^^^^^^^^^^^
  File "/opt/medical-etl-airflow/runtime/airflow-venv/lib/python3.12/site-packages/airflow/operators/python.py", line 238, in execute
    return_value = self.execute_callable()
                   ^^^^^^^^^^^^^^^^^^^^^^^
  File "/opt/medical-etl-airflow/runtime/airflow-venv/lib/python3.12/site-packages/airflow/operators/python.py", line 256, in execute_callable
    return runner.run(*self.op_args, **self.op_kwargs)
           ^^^^^^^^^^^^^^^^^^^^^^^^^^^^^^^^^^^^^^^^^^^
  File "/opt/medical-etl-airflow/runtime/airflow-venv/lib/python3.12/site-packages/airflow/utils/operator_helpers.py", line 252, in run
    return self.func(*args, **kwargs)
           ^^^^^^^^^^^^^^^^^^^^^^^^^^
  File "/opt/medical-etl-airflow/runs/full-consumers-p10000-r3/airflow/dags/full_consumers_retry_dag.py", line 18, in execute_etl
    return execute_full_spark(context['run_id'], context['ti'].try_number)
           ^^^^^^^^^^^^^^^^^^^^^^^^^^^^^^^^^^^^^^^^^^^^^^^^^^^^^^^^^^^^^^^
  File "/opt/medical-etl-airflow/project/src/airflow_tasks.py", line 44, in execute_full_spark
    result = subprocess.run(command, check=True, text=True, encoding='utf-8',
             ^^^^^^^^^^^^^^^^^^^^^^^^^^^^^^^^^^^^^^^^^^^^^^^^^^^^^^^^^^^^^^^^
  File "/usr/lib/python3.12/subprocess.py", line 571, in run
    raise CalledProcessError(retcode, process.args,
subprocess.CalledProcessError: Command '['/opt/medical-etl-airflow/runtime/worker-venv/bin/python', '-m', 'src.spark_full_workflow', '--archive', '/opt/medical-etl-airflow/project/data/generated/scale-v4-p10000/source.zip', '--baseline', '/opt/medical-etl-airflow/project/output/scale-stream-final/runs/p10000-stream-local-r1', '--output-root', '/mnt/f/project/medical-etl-fhir-platform/output/full-consumers-p10000-r3/results', '--run-id', 'manual__full-consumers-p10000-r3', '--try-number', '2', '--birth-date-offset', '+08:00']' returned non-zero exit status 1.
[2026-09-23T13:00:29.177+0800] {taskinstance.py:1242} INFO - Marking task as FAILED. dag_id=synthea_full_consumers_retry_acceptance, task_id=full_spark_etl, run_id=manual__full-consumers-p10000-r3, execution_date=20260923T045634, start_date=20260923T045903, end_date=20260923T050029
[2026-09-23T13:00:29.385+0800] {taskinstance.py:349} INFO - ::group::Post task execution logs
[2026-09-23T13:00:29.385+0800] {standard_task_runner.py:124} ERROR - Failed to execute job 4 for task full_spark_etl (Command '['/opt/medical-etl-airflow/runtime/worker-venv/bin/python', '-m', 'src.spark_full_workflow', '--archive', '/opt/medical-etl-airflow/project/data/generated/scale-v4-p10000/source.zip', '--baseline', '/opt/medical-etl-airflow/project/output/scale-stream-final/runs/p10000-stream-local-r1', '--output-root', '/mnt/f/project/medical-etl-fhir-platform/output/full-consumers-p10000-r3/results', '--run-id', 'manual__full-consumers-p10000-r3', '--try-number', '2', '--birth-date-offset', '+08:00']' returned non-zero exit status 1.; 4339)
Traceback (most recent call last):
  File "/opt/medical-etl-airflow/runtime/airflow-venv/lib/python3.12/site-packages/airflow/task/task_runner/standard_task_runner.py", line 117, in _start_by_fork
    ret = args.func(args, dag=self.dag)
          ^^^^^^^^^^^^^^^^^^^^^^^^^^^^^
  File "/opt/medical-etl-airflow/runtime/airflow-venv/lib/python3.12/site-packages/airflow/cli/cli_config.py", line 49, in command
    return func(*args, **kwargs)
           ^^^^^^^^^^^^^^^^^^^^^
  File "/opt/medical-etl-airflow/runtime/airflow-venv/lib/python3.12/site-packages/airflow/utils/cli.py", line 116, in wrapper
    return f(*args, **kwargs)
           ^^^^^^^^^^^^^^^^^^
  File "/opt/medical-etl-airflow/runtime/airflow-venv/lib/python3.12/site-packages/airflow/cli/commands/task_command.py", line 483, in task_run
    task_return_code = _run_task_by_selected_method(args, _dag, ti)
                       ^^^^^^^^^^^^^^^^^^^^^^^^^^^^^^^^^^^^^^^^^^^^
  File "/opt/medical-etl-airflow/runtime/airflow-venv/lib/python3.12/site-packages/airflow/cli/commands/task_command.py", line 256, in _run_task_by_selected_method
    return _run_raw_task(args, ti)
           ^^^^^^^^^^^^^^^^^^^^^^^
  File "/opt/medical-etl-airflow/runtime/airflow-venv/lib/python3.12/site-packages/airflow/cli/commands/task_command.py", line 341, in _run_raw_task
    return ti._run_raw_task(
           ^^^^^^^^^^^^^^^^^
  File "/opt/medical-etl-airflow/runtime/airflow-venv/lib/python3.12/site-packages/airflow/utils/session.py", line 97, in wrapper
    return func(*args, session=session, **kwargs)
           ^^^^^^^^^^^^^^^^^^^^^^^^^^^^^^^^^^^^^^
  File "/opt/medical-etl-airflow/runtime/airflow-venv/lib/python3.12/site-packages/airflow/models/taskinstance.py", line 3030, in _run_raw_task
    return _run_raw_task(
           ^^^^^^^^^^^^^^
  File "/opt/medical-etl-airflow/runtime/airflow-venv/lib/python3.12/site-packages/airflow/models/taskinstance.py", line 282, in _run_raw_task
    TaskInstance._execute_task_with_callbacks(
  File "/opt/medical-etl-airflow/runtime/airflow-venv/lib/python3.12/site-packages/airflow/models/taskinstance.py", line 3185, in _execute_task_with_callbacks
    result = self._execute_task(context, task_orig)
             ^^^^^^^^^^^^^^^^^^^^^^^^^^^^^^^^^^^^^^
  File "/opt/medical-etl-airflow/runtime/airflow-venv/lib/python3.12/site-packages/airflow/models/taskinstance.py", line 3209, in _execute_task
    return _execute_task(self, context, task_orig)
           ^^^^^^^^^^^^^^^^^^^^^^^^^^^^^^^^^^^^^^^
  File "/opt/medical-etl-airflow/runtime/airflow-venv/lib/python3.12/site-packages/airflow/models/taskinstance.py", line 776, in _execute_task
    result = _execute_callable(context=context, **execute_callable_kwargs)
             ^^^^^^^^^^^^^^^^^^^^^^^^^^^^^^^^^^^^^^^^^^^^^^^^^^^^^^^^^^^^^
  File "/opt/medical-etl-airflow/runtime/airflow-venv/lib/python3.12/site-packages/airflow/models/taskinstance.py", line 742, in _execute_callable
    return ExecutionCallableRunner(
           ^^^^^^^^^^^^^^^^^^^^^^^^
  File "/opt/medical-etl-airflow/runtime/airflow-venv/lib/python3.12/site-packages/airflow/utils/operator_helpers.py", line 252, in run
    return self.func(*args, **kwargs)
           ^^^^^^^^^^^^^^^^^^^^^^^^^^
  File "/opt/medical-etl-airflow/runtime/airflow-venv/lib/python3.12/site-packages/airflow/models/baseoperator.py", line 425, in wrapper
    return func(self, *args, **kwargs)
           ^^^^^^^^^^^^^^^^^^^^^^^^^^^
  File "/opt/medical-etl-airflow/runtime/airflow-venv/lib/python3.12/site-packages/airflow/operators/python.py", line 238, in execute
    return_value = self.execute_callable()
                   ^^^^^^^^^^^^^^^^^^^^^^^
  File "/opt/medical-etl-airflow/runtime/airflow-venv/lib/python3.12/site-packages/airflow/operators/python.py", line 256, in execute_callable
    return runner.run(*self.op_args, **self.op_kwargs)
           ^^^^^^^^^^^^^^^^^^^^^^^^^^^^^^^^^^^^^^^^^^^
  File "/opt/medical-etl-airflow/runtime/airflow-venv/lib/python3.12/site-packages/airflow/utils/operator_helpers.py", line 252, in run
    return self.func(*args, **kwargs)
           ^^^^^^^^^^^^^^^^^^^^^^^^^^
  File "/opt/medical-etl-airflow/runs/full-consumers-p10000-r3/airflow/dags/full_consumers_retry_dag.py", line 18, in execute_etl
    return execute_full_spark(context['run_id'], context['ti'].try_number)
           ^^^^^^^^^^^^^^^^^^^^^^^^^^^^^^^^^^^^^^^^^^^^^^^^^^^^^^^^^^^^^^^
  File "/opt/medical-etl-airflow/project/src/airflow_tasks.py", line 44, in execute_full_spark
    result = subprocess.run(command, check=True, text=True, encoding='utf-8',
             ^^^^^^^^^^^^^^^^^^^^^^^^^^^^^^^^^^^^^^^^^^^^^^^^^^^^^^^^^^^^^^^^
  File "/usr/lib/python3.12/subprocess.py", line 571, in run
    raise CalledProcessError(retcode, process.args,
subprocess.CalledProcessError: Command '['/opt/medical-etl-airflow/runtime/worker-venv/bin/python', '-m', 'src.spark_full_workflow', '--archive', '/opt/medical-etl-airflow/project/data/generated/scale-v4-p10000/source.zip', '--baseline', '/opt/medical-etl-airflow/project/output/scale-stream-final/runs/p10000-stream-local-r1', '--output-root', '/mnt/f/project/medical-etl-fhir-platform/output/full-consumers-p10000-r3/results', '--run-id', 'manual__full-consumers-p10000-r3', '--try-number', '2', '--birth-date-offset', '+08:00']' returned non-zero exit status 1.
[2026-09-23T13:00:29.391+0800] {local_task_job_runner.py:266} INFO - Task exited with return code 1
[2026-09-23T13:00:29.399+0800] {taskinstance.py:3925} INFO - 0 downstream tasks scheduled from follow-on schedule check
[2026-09-23T13:00:29.493+0800] {local_task_job_runner.py:245} INFO - ::endgroup::
