[2026-09-21T22:17:50.677+0800] {local_task_job_runner.py:123} INFO - ::group::Pre task execution logs
[2026-09-21T22:17:50.685+0800] {taskinstance.py:2632} INFO - Dependencies all met for dep_context=non-requeueable deps ti=<TaskInstance: synthea_full_spark_retry_acceptance.full_spark_etl manual__full-spark-airflow-p1000-r1 [queued]>
[2026-09-21T22:17:50.688+0800] {taskinstance.py:2632} INFO - Dependencies all met for dep_context=requeueable deps ti=<TaskInstance: synthea_full_spark_retry_acceptance.full_spark_etl manual__full-spark-airflow-p1000-r1 [queued]>
[2026-09-21T22:17:50.688+0800] {taskinstance.py:2885} INFO - Starting attempt 1 of 2
[2026-09-21T22:17:50.791+0800] {taskinstance.py:2908} INFO - Executing <Task(PythonOperator): full_spark_etl> on 2026-09-21 14:17:39+00:00
[2026-09-21T22:17:50.794+0800] {standard_task_runner.py:72} INFO - Started process 2150 to run task
[2026-09-21T22:17:50.795+0800] {standard_task_runner.py:104} INFO - Running: ['airflow', 'tasks', 'run', 'synthea_full_spark_retry_acceptance', 'full_spark_etl', 'manual__full-spark-airflow-p1000-r1', '--job-id', '3', '--raw', '--subdir', 'DAGS_FOLDER/full_spark_retry_dag.py', '--cfg-path', '/tmp/tmp28z9977t']
[2026-09-21T22:17:50.797+0800] {standard_task_runner.py:105} INFO - Job 3: Subtask full_spark_etl
[2026-09-21T22:17:50.912+0800] {task_command.py:467} INFO - Running <TaskInstance: synthea_full_spark_retry_acceptance.full_spark_etl manual__full-spark-airflow-p1000-r1 [running]> on host LAPTOP-LO2NU7PH.localdomain
[2026-09-21T22:17:51.163+0800] {taskinstance.py:3158} INFO - Exporting env vars: AIRFLOW_CTX_DAG_OWNER='airflow' AIRFLOW_CTX_DAG_ID='synthea_full_spark_retry_acceptance' AIRFLOW_CTX_TASK_ID='full_spark_etl' AIRFLOW_CTX_EXECUTION_DATE='2026-09-21T14:17:39+00:00' AIRFLOW_CTX_TRY_NUMBER='1' AIRFLOW_CTX_DAG_RUN_ID='manual__full-spark-airflow-p1000-r1'
[2026-09-21T22:17:51.164+0800] {taskinstance.py:740} INFO - ::endgroup::
[2026-09-21T22:18:41.584+0800] {taskinstance.py:3337} ERROR - Task failed with exception
Traceback (most recent call last):
  File "/opt/medical-etl-airflow/runtime/airflow-venv/lib/python3.12/site-packages/airflow/models/taskinstance.py", line 776, in _execute_task
    result = _execute_callable(context=context, **execute_callable_kwargs)
             ^^^^^^^^^^^^^^^^^^^^^^^^^^^^^^^^^^^^^^^^^^^^^^^^^^^^^^^^^^^^^
  File "/opt/medical-etl-airflow/runtime/airflow-venv/lib/python3.12/site-packages/airflow/models/taskinstance.py", line 742, in _execute_callable
    return ExecutionCallableRunner(
           ^^^^^^^^^^^^^^^^^^^^^^^^
  File "/opt/medical-etl-airflow/runtime/airflow-venv/lib/python3.12/site-packages/airflow/utils/operator_helpers.py", line 252, in run
    return self.func(*args, **kwargs)
           ^^^^^^^^^^^^^^^^^^^^^^^^^^
  File "/opt/medical-etl-airflow/runtime/airflow-venv/lib/python3.12/site-packages/airflow/models/baseoperator.py", line 425, in wrapper
    return func(self, *args, **kwargs)
           ^^^^^^^^^^^^^^^^^^^^^^^^^^^
  File "/opt/medical-etl-airflow/runtime/airflow-venv/lib/python3.12/site-packages/airflow/operators/python.py", line 238, in execute
    return_value = self.execute_callable()
                   ^^^^^^^^^^^^^^^^^^^^^^^
  File "/opt/medical-etl-airflow/runtime/airflow-venv/lib/python3.12/site-packages/airflow/operators/python.py", line 256, in execute_callable
    return runner.run(*self.op_args, **self.op_kwargs)
           ^^^^^^^^^^^^^^^^^^^^^^^^^^^^^^^^^^^^^^^^^^^
  File "/opt/medical-etl-airflow/runtime/airflow-venv/lib/python3.12/site-packages/airflow/utils/operator_helpers.py", line 252, in run
    return self.func(*args, **kwargs)
           ^^^^^^^^^^^^^^^^^^^^^^^^^^
  File "/opt/medical-etl-airflow/runs/full-spark-airflow-p1000-r1/airflow/dags/full_spark_retry_dag.py", line 26, in run_then_fail_once
    raise RuntimeError('Acceptance-only injected failure after full Spark success')
RuntimeError: Acceptance-only injected failure after full Spark success
[2026-09-21T22:18:41.627+0800] {taskinstance.py:1242} INFO - Marking task as UP_FOR_RETRY. dag_id=synthea_full_spark_retry_acceptance, task_id=full_spark_etl, run_id=manual__full-spark-airflow-p1000-r1, execution_date=20260921T141739, start_date=20260921T141750, end_date=20260921T141841
[2026-09-21T22:18:42.128+0800] {taskinstance.py:349} INFO - ::group::Post task execution logs
[2026-09-21T22:18:42.128+0800] {standard_task_runner.py:124} ERROR - Failed to execute job 3 for task full_spark_etl (Acceptance-only injected failure after full Spark success; 2150)
Traceback (most recent call last):
  File "/opt/medical-etl-airflow/runtime/airflow-venv/lib/python3.12/site-packages/airflow/task/task_runner/standard_task_runner.py", line 117, in _start_by_fork
    ret = args.func(args, dag=self.dag)
          ^^^^^^^^^^^^^^^^^^^^^^^^^^^^^
  File "/opt/medical-etl-airflow/runtime/airflow-venv/lib/python3.12/site-packages/airflow/cli/cli_config.py", line 49, in command
    return func(*args, **kwargs)
           ^^^^^^^^^^^^^^^^^^^^^
  File "/opt/medical-etl-airflow/runtime/airflow-venv/lib/python3.12/site-packages/airflow/utils/cli.py", line 116, in wrapper
    return f(*args, **kwargs)
           ^^^^^^^^^^^^^^^^^^
  File "/opt/medical-etl-airflow/runtime/airflow-venv/lib/python3.12/site-packages/airflow/cli/commands/task_command.py", line 483, in task_run
    task_return_code = _run_task_by_selected_method(args, _dag, ti)
                       ^^^^^^^^^^^^^^^^^^^^^^^^^^^^^^^^^^^^^^^^^^^^
  File "/opt/medical-etl-airflow/runtime/airflow-venv/lib/python3.12/site-packages/airflow/cli/commands/task_command.py", line 256, in _run_task_by_selected_method
    return _run_raw_task(args, ti)
           ^^^^^^^^^^^^^^^^^^^^^^^
  File "/opt/medical-etl-airflow/runtime/airflow-venv/lib/python3.12/site-packages/airflow/cli/commands/task_command.py", line 341, in _run_raw_task
    return ti._run_raw_task(
           ^^^^^^^^^^^^^^^^^
  File "/opt/medical-etl-airflow/runtime/airflow-venv/lib/python3.12/site-packages/airflow/utils/session.py", line 97, in wrapper
    return func(*args, session=session, **kwargs)
           ^^^^^^^^^^^^^^^^^^^^^^^^^^^^^^^^^^^^^^
  File "/opt/medical-etl-airflow/runtime/airflow-venv/lib/python3.12/site-packages/airflow/models/taskinstance.py", line 3030, in _run_raw_task
    return _run_raw_task(
           ^^^^^^^^^^^^^^
  File "/opt/medical-etl-airflow/runtime/airflow-venv/lib/python3.12/site-packages/airflow/models/taskinstance.py", line 282, in _run_raw_task
    TaskInstance._execute_task_with_callbacks(
  File "/opt/medical-etl-airflow/runtime/airflow-venv/lib/python3.12/site-packages/airflow/models/taskinstance.py", line 3185, in _execute_task_with_callbacks
    result = self._execute_task(context, task_orig)
             ^^^^^^^^^^^^^^^^^^^^^^^^^^^^^^^^^^^^^^
  File "/opt/medical-etl-airflow/runtime/airflow-venv/lib/python3.12/site-packages/airflow/models/taskinstance.py", line 3209, in _execute_task
    return _execute_task(self, context, task_orig)
           ^^^^^^^^^^^^^^^^^^^^^^^^^^^^^^^^^^^^^^^
  File "/opt/medical-etl-airflow/runtime/airflow-venv/lib/python3.12/site-packages/airflow/models/taskinstance.py", line 776, in _execute_task
    result = _execute_callable(context=context, **execute_callable_kwargs)
             ^^^^^^^^^^^^^^^^^^^^^^^^^^^^^^^^^^^^^^^^^^^^^^^^^^^^^^^^^^^^^
  File "/opt/medical-etl-airflow/runtime/airflow-venv/lib/python3.12/site-packages/airflow/models/taskinstance.py", line 742, in _execute_callable
    return ExecutionCallableRunner(
           ^^^^^^^^^^^^^^^^^^^^^^^^
  File "/opt/medical-etl-airflow/runtime/airflow-venv/lib/python3.12/site-packages/airflow/utils/operator_helpers.py", line 252, in run
    return self.func(*args, **kwargs)
           ^^^^^^^^^^^^^^^^^^^^^^^^^^
  File "/opt/medical-etl-airflow/runtime/airflow-venv/lib/python3.12/site-packages/airflow/models/baseoperator.py", line 425, in wrapper
    return func(self, *args, **kwargs)
           ^^^^^^^^^^^^^^^^^^^^^^^^^^^
  File "/opt/medical-etl-airflow/runtime/airflow-venv/lib/python3.12/site-packages/airflow/operators/python.py", line 238, in execute
    return_value = self.execute_callable()
                   ^^^^^^^^^^^^^^^^^^^^^^^
  File "/opt/medical-etl-airflow/runtime/airflow-venv/lib/python3.12/site-packages/airflow/operators/python.py", line 256, in execute_callable
    return runner.run(*self.op_args, **self.op_kwargs)
           ^^^^^^^^^^^^^^^^^^^^^^^^^^^^^^^^^^^^^^^^^^^
  File "/opt/medical-etl-airflow/runtime/airflow-venv/lib/python3.12/site-packages/airflow/utils/operator_helpers.py", line 252, in run
    return self.func(*args, **kwargs)
           ^^^^^^^^^^^^^^^^^^^^^^^^^^
  File "/opt/medical-etl-airflow/runs/full-spark-airflow-p1000-r1/airflow/dags/full_spark_retry_dag.py", line 26, in run_then_fail_once
    raise RuntimeError('Acceptance-only injected failure after full Spark success')
RuntimeError: Acceptance-only injected failure after full Spark success
[2026-09-21T22:18:42.157+0800] {local_task_job_runner.py:266} INFO - Task exited with return code 1
[2026-09-21T22:18:42.165+0800] {taskinstance.py:3925} INFO - 0 downstream tasks scheduled from follow-on schedule check
[2026-09-21T22:18:42.165+0800] {local_task_job_runner.py:245} INFO - ::endgroup::
