[2026-09-24T18:36:12.652+0800] {local_task_job_runner.py:123} INFO - ::group::Pre task execution logs
[2026-09-24T18:36:12.662+0800] {taskinstance.py:2632} INFO - Dependencies all met for dep_context=non-requeueable deps ti=<TaskInstance: synthea_full_consumers_retry_acceptance.full_spark_etl manual__full-consumers-p10000-r6 [queued]>
[2026-09-24T18:36:12.665+0800] {taskinstance.py:2632} INFO - Dependencies all met for dep_context=requeueable deps ti=<TaskInstance: synthea_full_consumers_retry_acceptance.full_spark_etl manual__full-consumers-p10000-r6 [queued]>
[2026-09-24T18:36:12.665+0800] {taskinstance.py:2885} INFO - Starting attempt 1 of 2
[2026-09-24T18:36:12.791+0800] {taskinstance.py:2908} INFO - Executing <Task(PythonOperator): full_spark_etl> on 2026-09-24 10:35:35+00:00
[2026-09-24T18:36:12.794+0800] {standard_task_runner.py:72} INFO - Started process 2978 to run task
[2026-09-24T18:36:12.796+0800] {standard_task_runner.py:104} INFO - Running: ['airflow', 'tasks', 'run', 'synthea_full_consumers_retry_acceptance', 'full_spark_etl', 'manual__full-consumers-p10000-r6', '--job-id', '3', '--raw', '--subdir', 'DAGS_FOLDER/full_consumers_retry_dag.py', '--cfg-path', '/tmp/tmpsasj8tcm']
[2026-09-24T18:36:12.797+0800] {standard_task_runner.py:105} INFO - Job 3: Subtask full_spark_etl
[2026-09-24T18:36:12.906+0800] {task_command.py:467} INFO - Running <TaskInstance: synthea_full_consumers_retry_acceptance.full_spark_etl manual__full-consumers-p10000-r6 [running]> on host LAPTOP-LO2NU7PH.localdomain
[2026-09-24T18:36:13.128+0800] {taskinstance.py:3158} INFO - Exporting env vars: AIRFLOW_CTX_DAG_OWNER='airflow' AIRFLOW_CTX_DAG_ID='synthea_full_consumers_retry_acceptance' AIRFLOW_CTX_TASK_ID='full_spark_etl' AIRFLOW_CTX_EXECUTION_DATE='2026-09-24T10:35:35+00:00' AIRFLOW_CTX_TRY_NUMBER='1' AIRFLOW_CTX_DAG_RUN_ID='manual__full-consumers-p10000-r6'
[2026-09-24T18:36:13.129+0800] {taskinstance.py:740} INFO - ::endgroup::
[2026-09-24T18:38:22.245+0800] {job.py:229} INFO - Heartbeat recovered after 11.29 seconds
[2026-09-24T18:38:48.931+0800] {job.py:229} INFO - Heartbeat recovered after 16.12 seconds
[2026-09-24T18:38:57.271+0800] {job.py:229} INFO - Heartbeat recovered after 18.14 seconds
[2026-09-24T18:43:22.847+0800] {python.py:240} INFO - Done. Returned value was: /mnt/f/project/medical-etl-fhir-platform/output/full-consumers-p10000-r6/results/b442df85e6a7703b2564079629808f2328172956621323080a32d7dd38a0378e/spark-full/attempt-0001/manifest.json
[2026-09-24T18:43:22.974+0800] {taskinstance.py:349} INFO - ::group::Post task execution logs
[2026-09-24T18:43:22.975+0800] {taskinstance.py:361} INFO - Marking task as SUCCESS. dag_id=synthea_full_consumers_retry_acceptance, task_id=full_spark_etl, run_id=manual__full-consumers-p10000-r6, execution_date=20260924T103535, start_date=20260924T103612, end_date=20260924T104322
[2026-09-24T18:43:23.469+0800] {local_task_job_runner.py:266} INFO - Task exited with return code 0
[2026-09-24T18:43:23.476+0800] {taskinstance.py:3925} INFO - 2 downstream tasks scheduled from follow-on schedule check
[2026-09-24T18:43:23.564+0800] {local_task_job_runner.py:245} INFO - ::endgroup::
