/opt/medical-etl-airflow/runtime/airflow-venv/lib/python3.12/site-packages/airflow/metrics/base_stats_logger.py:22 RemovedInAirflow3Warning: Timer and timing metrics publish in seconds were deprecated. It is enabled by default from Airflow 3 onwards. Enable timer_unit_consistency to publish all the timer and timing metrics in milliseconds.
/opt/medical-etl-airflow/runtime/airflow-venv/lib/python3.12/site-packages/airflow/triggers/base.py:27 RemovedInAirflow3Warning: Timer and timing metrics publish in seconds were deprecated. It is enabled by default from Airflow 3 onwards. Enable timer_unit_consistency to publish all the timer and timing metrics in milliseconds.
DB: sqlite:////opt/medical-etl-airflow/runs/full-consumers-p10000-r6/airflow/metadata.db
Performing upgrade to the metadata database sqlite:////opt/medical-etl-airflow/runs/full-consumers-p10000-r6/airflow/metadata.db
[2026-09-24T18:00:57.068+0800] {plugins.py:37} INFO - setup plugin alembic.autogenerate.schemas
[2026-09-24T18:00:57.069+0800] {plugins.py:37} INFO - setup plugin alembic.autogenerate.tables
[2026-09-24T18:00:57.069+0800] {plugins.py:37} INFO - setup plugin alembic.autogenerate.types
[2026-09-24T18:00:57.069+0800] {plugins.py:37} INFO - setup plugin alembic.autogenerate.constraints
[2026-09-24T18:00:57.069+0800] {plugins.py:37} INFO - setup plugin alembic.autogenerate.defaults
[2026-09-24T18:00:57.069+0800] {plugins.py:37} INFO - setup plugin alembic.autogenerate.comments
[2026-09-24T18:00:57.151+0800] {migration.py:210} INFO - Context impl SQLiteImpl.
[2026-09-24T18:00:57.152+0800] {migration.py:213} INFO - Will assume non-transactional DDL.
[2026-09-24T18:00:57.152+0800] {migration.py:210} INFO - Context impl SQLiteImpl.
[2026-09-24T18:00:57.152+0800] {migration.py:213} INFO - Will assume non-transactional DDL.
INFO  [alembic.runtime.migration] Context impl SQLiteImpl.
INFO  [alembic.runtime.migration] Will assume non-transactional DDL.
INFO  [alembic.runtime.migration] Running stamp_revision  -> 5f2621c13b39
Database migrating done!
/opt/medical-etl-airflow/runtime/airflow-venv/lib/python3.12/site-packages/airflow/metrics/base_stats_logger.py:22 RemovedInAirflow3Warning: Timer and timing metrics publish in seconds were deprecated. It is enabled by default from Airflow 3 onwards. Enable timer_unit_consistency to publish all the timer and timing metrics in milliseconds.
/opt/medical-etl-airflow/runtime/airflow-venv/lib/python3.12/site-packages/airflow/triggers/base.py:27 RemovedInAirflow3Warning: Timer and timing metrics publish in seconds were deprecated. It is enabled by default from Airflow 3 onwards. Enable timer_unit_consistency to publish all the timer and timing metrics in milliseconds.
/opt/medical-etl-airflow/runtime/airflow-venv/lib/python3.12/site-packages/airflow/cli/commands/dag_command.py:48 UserWarning: Could not import graphviz. Rendering graph to the graphical format will not be possible.
[2026-09-24T18:35:29.396+0800] {plugins.py:37} INFO - setup plugin alembic.autogenerate.schemas
[2026-09-24T18:35:29.437+0800] {plugins.py:37} INFO - setup plugin alembic.autogenerate.tables
[2026-09-24T18:35:29.437+0800] {plugins.py:37} INFO - setup plugin alembic.autogenerate.types
[2026-09-24T18:35:29.437+0800] {plugins.py:37} INFO - setup plugin alembic.autogenerate.constraints
[2026-09-24T18:35:29.437+0800] {plugins.py:37} INFO - setup plugin alembic.autogenerate.defaults
[2026-09-24T18:35:29.437+0800] {plugins.py:37} INFO - setup plugin alembic.autogenerate.comments
[2026-09-24T18:35:29.894+0800] {dagbag.py:588} INFO - Filling up the DagBag from /opt/medical-etl-airflow/runs/full-consumers-p10000-r6/airflow/dags
[2026-09-24T18:35:30.768+0800] {override.py:1932} INFO - Created Permission View: can read on DAG:synthea_full_consumers_retry_acceptance
[2026-09-24T18:35:30.978+0800] {override.py:1932} INFO - Created Permission View: can delete on DAG:synthea_full_consumers_retry_acceptance
[2026-09-24T18:35:31.156+0800] {override.py:1932} INFO - Created Permission View: can edit on DAG:synthea_full_consumers_retry_acceptance
[2026-09-24T18:35:31.423+0800] {override.py:1932} INFO - Created Permission View: menu access on DAG Run:synthea_full_consumers_retry_acceptance
[2026-09-24T18:35:31.521+0800] {override.py:1932} INFO - Created Permission View: can read on DAG Run:synthea_full_consumers_retry_acceptance
[2026-09-24T18:35:31.620+0800] {override.py:1932} INFO - Created Permission View: can delete on DAG Run:synthea_full_consumers_retry_acceptance
[2026-09-24T18:35:31.798+0800] {override.py:1932} INFO - Created Permission View: can create on DAG Run:synthea_full_consumers_retry_acceptance
[2026-09-24T18:35:32.008+0800] {override.py:1932} INFO - Created Permission View: can read on DAG:synthea_full_spark
[2026-09-24T18:35:32.096+0800] {override.py:1932} INFO - Created Permission View: can delete on DAG:synthea_full_spark
[2026-09-24T18:35:32.185+0800] {override.py:1932} INFO - Created Permission View: can edit on DAG:synthea_full_spark
[2026-09-24T18:35:32.363+0800] {override.py:1932} INFO - Created Permission View: menu access on DAG Run:synthea_full_spark
[2026-09-24T18:35:32.462+0800] {override.py:1932} INFO - Created Permission View: can read on DAG Run:synthea_full_spark
[2026-09-24T18:35:32.550+0800] {override.py:1932} INFO - Created Permission View: can delete on DAG Run:synthea_full_spark
[2026-09-24T18:35:32.639+0800] {override.py:1932} INFO - Created Permission View: can create on DAG Run:synthea_full_spark
[2026-09-24T18:35:32.640+0800] {dag.py:3239} INFO - Sync 2 DAGs
[2026-09-24T18:35:32.644+0800] {dag.py:3262} INFO - Creating ORM DAG for synthea_full_spark
[2026-09-24T18:35:32.645+0800] {dag.py:3262} INFO - Creating ORM DAG for synthea_full_consumers_retry_acceptance
[2026-09-24T18:35:32.645+0800] {dag.py:4180} INFO - Setting next_dagrun for synthea_full_consumers_retry_acceptance to None, run_after=None
[2026-09-24T18:35:32.645+0800] {dag.py:4180} INFO - Setting next_dagrun for synthea_full_spark to None, run_after=None
/opt/medical-etl-airflow/runtime/airflow-venv/lib/python3.12/site-packages/airflow/metrics/base_stats_logger.py:22 RemovedInAirflow3Warning: Timer and timing metrics publish in seconds were deprecated. It is enabled by default from Airflow 3 onwards. Enable timer_unit_consistency to publish all the timer and timing metrics in milliseconds.
/opt/medical-etl-airflow/runtime/airflow-venv/lib/python3.12/site-packages/airflow/triggers/base.py:27 RemovedInAirflow3Warning: Timer and timing metrics publish in seconds were deprecated. It is enabled by default from Airflow 3 onwards. Enable timer_unit_consistency to publish all the timer and timing metrics in milliseconds.
/opt/medical-etl-airflow/runtime/airflow-venv/lib/python3.12/site-packages/airflow/cli/commands/dag_command.py:48 UserWarning: Could not import graphviz. Rendering graph to the graphical format will not be possible.
[2026-09-24T18:35:34.082+0800] {plugins.py:37} INFO - setup plugin alembic.autogenerate.schemas
[2026-09-24T18:35:34.082+0800] {plugins.py:37} INFO - setup plugin alembic.autogenerate.tables
[2026-09-24T18:35:34.083+0800] {plugins.py:37} INFO - setup plugin alembic.autogenerate.types
[2026-09-24T18:35:34.083+0800] {plugins.py:37} INFO - setup plugin alembic.autogenerate.constraints
[2026-09-24T18:35:34.083+0800] {plugins.py:37} INFO - setup plugin alembic.autogenerate.defaults
[2026-09-24T18:35:34.083+0800] {plugins.py:37} INFO - setup plugin alembic.autogenerate.comments
dag_id                                  | is_paused
========================================+==========
synthea_full_consumers_retry_acceptance | False    
                                                   
/opt/medical-etl-airflow/runtime/airflow-venv/lib/python3.12/site-packages/airflow/metrics/base_stats_logger.py:22 RemovedInAirflow3Warning: Timer and timing metrics publish in seconds were deprecated. It is enabled by default from Airflow 3 onwards. Enable timer_unit_consistency to publish all the timer and timing metrics in milliseconds.
/opt/medical-etl-airflow/runtime/airflow-venv/lib/python3.12/site-packages/airflow/triggers/base.py:27 RemovedInAirflow3Warning: Timer and timing metrics publish in seconds were deprecated. It is enabled by default from Airflow 3 onwards. Enable timer_unit_consistency to publish all the timer and timing metrics in milliseconds.
/opt/medical-etl-airflow/runtime/airflow-venv/lib/python3.12/site-packages/airflow/cli/commands/dag_command.py:48 UserWarning: Could not import graphviz. Rendering graph to the graphical format will not be possible.
[2026-09-24T18:35:35.409+0800] {plugins.py:37} INFO - setup plugin alembic.autogenerate.schemas
[2026-09-24T18:35:35.410+0800] {plugins.py:37} INFO - setup plugin alembic.autogenerate.tables
[2026-09-24T18:35:35.410+0800] {plugins.py:37} INFO - setup plugin alembic.autogenerate.types
[2026-09-24T18:35:35.410+0800] {plugins.py:37} INFO - setup plugin alembic.autogenerate.constraints
[2026-09-24T18:35:35.410+0800] {plugins.py:37} INFO - setup plugin alembic.autogenerate.defaults
[2026-09-24T18:35:35.410+0800] {plugins.py:37} INFO - setup plugin alembic.autogenerate.comments
[2026-09-24T18:35:35.563+0800] {__init__.py:43} INFO - Loaded API auth backend: airflow.api.auth.backend.session
     |                     |                     |                     |                     |          |                  | last_scheduling_deci |                     |          |            |       
conf | dag_id              | dag_run_id          | data_interval_start | data_interval_end   | end_date | external_trigger | sion                 | logical_date        | run_type | start_date | state 
=====+=====================+=====================+=====================+=====================+==========+==================+======================+=====================+==========+============+=======
{}   | synthea_full_consum | manual__full-consum | 2026-09-24          | 2026-09-24          | None     | True             | None                 | 2026-09-24          | manual   | None       | queued
     | ers_retry_acceptanc | ers-p10000-r6       | 10:35:35+00:00      | 10:35:35+00:00      |          |                  |                      | 10:35:35+00:00      |          |            |       
     | e                   |                     |                     |                     |          |                  |                      |                     |          |            |       
                                                                                                                                                                                                        
